\BOOKMARK [1][-]{section.1}{\376\377\131\047\166\175\213\335\133\374\213\373}{}% 1
\BOOKMARK [1][-]{section.2}{\376\377\211\301\122\060\213\315\134\061\147\345\217\331\221\314}{}% 2
\BOOKMARK [1][-]{section.3}{\376\377\200\314\146\157\377\032\217\331\173\307\213\272\145\207\127\050\120\132\116\300\116\110}{}% 3
\BOOKMARK [2][-]{subsection.3.1}{\376\377\225\356\230\230}{section.3}% 4
\BOOKMARK [2][-]{subsection.3.2}{\376\377\126\333\116\052\225\356\230\230}{section.3}% 5
\BOOKMARK [2][-]{subsection.3.3}{\376\377\116\000\217\156\140\016\116\110\215\321}{section.3}% 6
\BOOKMARK [1][-]{section.4}{\376\377\147\057\213\355\210\150\377\010\217\333\226\066\377\032\133\371\167\100\116\343\170\001\147\345\377\011}{}% 7
\BOOKMARK [2][-]{subsection.4.1}{\376\377\123\330\221\317\220\037\147\345\377\010\213\373\117\052\116\343\170\001\116\016\121\154\137\017\145\366\165\050\377\011}{section.4}% 8
\BOOKMARK [1][-]{section.5}{\376\377\150\070\137\303\121\154\137\017\377\010\217\333\226\066\377\011}{}% 9
\BOOKMARK [1][-]{section.6}{\376\377\133\236\232\214\172\340\202\202\121\150\145\207\211\343\213\373}{}% 10
\BOOKMARK [1][-]{section.7}{\376\377\133\236\232\214\000\040\0001\377\032\134\017\150\143\121\155\220\123\230\230\377\032\145\260\145\271\154\325\000\040\000v\000s\000\040\200\001\000\040\000M\000A\000C\000P\000O}{}% 11
\BOOKMARK [2][-]{subsection.7.1}{\376\377\133\236\232\214\213\364\146\016}{section.7}% 12
\BOOKMARK [2][-]{subsection.7.2}{\376\377\133\236\232\214\213\241\173\227\121\154\137\017}{section.7}% 13
\BOOKMARK [2][-]{subsection.7.3}{\376\377\173\227\154\325\117\052\116\343\170\001}{section.7}% 14
\BOOKMARK [2][-]{subsection.7.4}{\376\377\176\323\147\234\213\304\117\060\143\007\150\007\121\154\137\017}{section.7}% 15
\BOOKMARK [2][-]{subsection.7.5}{\376\377\133\236\232\214\213\276\177\156\116\016\123\302\145\160}{section.7}% 16
\BOOKMARK [2][-]{subsection.7.6}{\376\377\133\236\232\214\176\323\147\234}{section.7}% 17
\BOOKMARK [1][-]{section.8}{\376\377\133\236\232\214\000\040\0002\377\032\116\055\150\143\131\047\150\143\123\101\116\214\230\230\377\032\145\260\145\271\154\325\000\040\000v\000s\000\040\200\001\000\040\000M\000A\000C\000P\000O}{}% 18
\BOOKMARK [2][-]{subsection.8.1}{\376\377\133\236\232\214\213\364\146\016}{section.8}% 19
\BOOKMARK [2][-]{subsection.8.2}{\376\377\133\236\232\214\213\241\173\227\121\154\137\017}{section.8}% 20
\BOOKMARK [2][-]{subsection.8.3}{\376\377\173\227\154\325\117\052\116\343\170\001}{section.8}% 21
\BOOKMARK [2][-]{subsection.8.4}{\376\377\176\323\147\234\213\304\117\060\143\007\150\007\121\154\137\017}{section.8}% 22
\BOOKMARK [2][-]{subsection.8.5}{\376\377\133\236\232\214\213\276\177\156\116\016\123\302\145\160}{section.8}% 23
\BOOKMARK [2][-]{subsection.8.6}{\376\377\133\236\232\214\176\323\147\234}{section.8}% 24
\BOOKMARK [1][-]{section.9}{\376\377\133\236\232\214\000\040\0003\377\032\134\017\150\143\121\155\230\230\377\032\142\020\176\351\226\217\145\071\230\230\153\041\145\160\123\330\123\026\377\010\146\362\176\277\377\011}{}% 25
\BOOKMARK [2][-]{subsection.9.1}{\376\377\133\236\232\214\213\364\146\016}{section.9}% 26
\BOOKMARK [2][-]{subsection.9.2}{\376\377\133\236\232\214\213\241\173\227\121\154\137\017}{section.9}% 27
\BOOKMARK [2][-]{subsection.9.3}{\376\377\173\227\154\325\117\052\116\343\170\001}{section.9}% 28
\BOOKMARK [2][-]{subsection.9.4}{\376\377\176\323\147\234\213\304\117\060\143\007\150\007\121\154\137\017}{section.9}% 29
\BOOKMARK [2][-]{subsection.9.5}{\376\377\133\236\232\214\213\276\177\156\116\016\123\302\145\160}{section.9}% 30
\BOOKMARK [2][-]{subsection.9.6}{\376\377\133\236\232\214\176\323\147\234}{section.9}% 31
\BOOKMARK [1][-]{section.10}{\376\377\133\236\232\214\000\040\0004\377\032\215\321\116\000\220\115\211\201\131\032\134\021\171\322}{}% 32
\BOOKMARK [2][-]{subsection.10.1}{\376\377\133\236\232\214\213\364\146\016}{section.10}% 33
\BOOKMARK [2][-]{subsection.10.2}{\376\377\133\236\232\214\213\241\173\227\121\154\137\017}{section.10}% 34
\BOOKMARK [2][-]{subsection.10.3}{\376\377\173\227\154\325\117\052\116\343\170\001}{section.10}% 35
\BOOKMARK [2][-]{subsection.10.4}{\376\377\176\323\147\234\213\304\117\060\143\007\150\007\121\154\137\017}{section.10}% 36
\BOOKMARK [2][-]{subsection.10.5}{\376\377\133\236\232\214\213\276\177\156\116\016\123\302\145\160}{section.10}% 37
\BOOKMARK [2][-]{subsection.10.6}{\376\377\133\236\232\214\176\323\147\234}{section.10}% 38
\BOOKMARK [1][-]{section.11}{\376\377\133\236\232\214\000\040\0005\377\032\123\101\121\153\131\127\230\230\377\032\200\124\177\121\123\140\166\176\122\006\116\113\121\340}{}% 39
\BOOKMARK [2][-]{subsection.11.1}{\376\377\133\236\232\214\213\364\146\016}{section.11}% 40
\BOOKMARK [2][-]{subsection.11.2}{\376\377\133\236\232\214\213\241\173\227\121\154\137\017}{section.11}% 41
\BOOKMARK [2][-]{subsection.11.3}{\376\377\173\227\154\325\117\052\116\343\170\001}{section.11}% 42
\BOOKMARK [2][-]{subsection.11.4}{\376\377\176\323\147\234\213\304\117\060\143\007\150\007\121\154\137\017}{section.11}% 43
\BOOKMARK [2][-]{subsection.11.5}{\376\377\133\236\232\214\213\276\177\156\116\016\123\302\145\160}{section.11}% 44
\BOOKMARK [2][-]{subsection.11.6}{\376\377\133\236\232\214\176\323\147\234}{section.11}% 45
\BOOKMARK [1][-]{section.12}{\376\377\133\236\232\214\000\040\0006\377\032\134\017\150\143\121\155\230\230\377\032\146\057\116\015\146\057\134\021\173\227\230\230\142\115\134\021\200\124\177\121}{}% 46
\BOOKMARK [2][-]{subsection.12.1}{\376\377\133\236\232\214\213\364\146\016}{section.12}% 47
\BOOKMARK [2][-]{subsection.12.2}{\376\377\133\236\232\214\213\241\173\227\121\154\137\017}{section.12}% 48
\BOOKMARK [2][-]{subsection.12.3}{\376\377\173\227\154\325\117\052\116\343\170\001}{section.12}% 49
\BOOKMARK [2][-]{subsection.12.4}{\376\377\176\323\147\234\213\304\117\060\143\007\150\007\121\154\137\017}{section.12}% 50
\BOOKMARK [2][-]{subsection.12.5}{\376\377\133\236\232\214\213\276\177\156\116\016\123\302\145\160}{section.12}% 51
\BOOKMARK [2][-]{subsection.12.6}{\376\377\133\236\232\214\176\323\147\234}{section.12}% 52
\BOOKMARK [1][-]{section.13}{\376\377\133\236\232\214\000\040\0007\377\032\126\333\171\315\200\124\177\121\211\304\122\031\214\001\147\000\131\175}{}% 53
\BOOKMARK [2][-]{subsection.13.1}{\376\377\133\236\232\214\213\364\146\016}{section.13}% 54
\BOOKMARK [2][-]{subsection.13.2}{\376\377\133\236\232\214\213\241\173\227\121\154\137\017}{section.13}% 55
\BOOKMARK [2][-]{subsection.13.3}{\376\377\173\227\154\325\117\052\116\343\170\001}{section.13}% 56
\BOOKMARK [2][-]{subsection.13.4}{\376\377\176\323\147\234\213\304\117\060\143\007\150\007\121\154\137\017}{section.13}% 57
\BOOKMARK [2][-]{subsection.13.5}{\376\377\133\236\232\214\213\276\177\156\116\016\123\302\145\160}{section.13}% 58
\BOOKMARK [2][-]{subsection.13.6}{\376\377\133\236\232\214\176\323\147\234}{section.13}% 59
\BOOKMARK [1][-]{section.14}{\376\377\133\236\232\214\000\040\0008\377\032\200\124\177\121\160\165\145\117\136\246\214\003\131\047\214\003\134\017\137\161\124\315\131\047\124\027}{}% 60
\BOOKMARK [2][-]{subsection.14.1}{\376\377\133\236\232\214\213\364\146\016}{section.14}% 61
\BOOKMARK [2][-]{subsection.14.2}{\376\377\133\236\232\214\213\241\173\227\121\154\137\017}{section.14}% 62
\BOOKMARK [2][-]{subsection.14.3}{\376\377\173\227\154\325\117\052\116\343\170\001}{section.14}% 63
\BOOKMARK [2][-]{subsection.14.4}{\376\377\176\323\147\234\213\304\117\060\143\007\150\007\121\154\137\017}{section.14}% 64
\BOOKMARK [2][-]{subsection.14.5}{\376\377\133\236\232\214\213\276\177\156\116\016\123\302\145\160}{section.14}% 65
\BOOKMARK [2][-]{subsection.14.6}{\376\377\133\236\232\214\176\323\147\234}{section.14}% 66
\BOOKMARK [1][-]{section.15}{\376\377\133\236\232\214\000\040\0009\377\032\126\372\133\232\153\317\226\224\000\040\000K\000\040\217\156\137\305\200\124}{}% 67
\BOOKMARK [2][-]{subsection.15.1}{\376\377\133\236\232\214\213\364\146\016}{section.15}% 68
\BOOKMARK [2][-]{subsection.15.2}{\376\377\133\236\232\214\213\241\173\227\121\154\137\017}{section.15}% 69
\BOOKMARK [2][-]{subsection.15.3}{\376\377\173\227\154\325\117\052\116\343\170\001}{section.15}% 70
\BOOKMARK [2][-]{subsection.15.4}{\376\377\176\323\147\234\213\304\117\060\143\007\150\007\121\154\137\017}{section.15}% 71
\BOOKMARK [2][-]{subsection.15.5}{\376\377\133\236\232\214\213\276\177\156\116\016\123\302\145\160}{section.15}% 72
\BOOKMARK [2][-]{subsection.15.6}{\376\377\133\236\232\214\176\323\147\234}{section.15}% 73
\BOOKMARK [1][-]{section.16}{\376\377\133\236\232\214\000\040\0001\0000\377\032\134\017\150\143\121\155\230\230\377\032\143\142\121\340\171\315\200\124\177\121\211\304\122\031}{}% 74
\BOOKMARK [2][-]{subsection.16.1}{\376\377\133\236\232\214\213\364\146\016}{section.16}% 75
\BOOKMARK [2][-]{subsection.16.2}{\376\377\133\236\232\214\213\241\173\227\121\154\137\017}{section.16}% 76
\BOOKMARK [2][-]{subsection.16.3}{\376\377\173\227\154\325\117\052\116\343\170\001}{section.16}% 77
\BOOKMARK [2][-]{subsection.16.4}{\376\377\176\323\147\234\213\304\117\060\143\007\150\007\121\154\137\017}{section.16}% 78
\BOOKMARK [2][-]{subsection.16.5}{\376\377\133\236\232\214\213\276\177\156\116\016\123\302\145\160}{section.16}% 79
\BOOKMARK [2][-]{subsection.16.6}{\376\377\133\236\232\214\176\323\147\234}{section.16}% 80
\BOOKMARK [1][-]{section.17}{\376\377\133\236\232\214\000\040\0001\0001\377\032\122\006\153\147\131\047\146\057\124\046\146\364\133\271\146\023\200\124\177\121}{}% 81
\BOOKMARK [2][-]{subsection.17.1}{\376\377\133\236\232\214\213\364\146\016}{section.17}% 82
\BOOKMARK [2][-]{subsection.17.2}{\376\377\133\236\232\214\213\241\173\227\121\154\137\017}{section.17}% 83
\BOOKMARK [2][-]{subsection.17.3}{\376\377\173\227\154\325\117\052\116\343\170\001}{section.17}% 84
\BOOKMARK [2][-]{subsection.17.4}{\376\377\176\323\147\234\213\304\117\060\143\007\150\007\121\154\137\017}{section.17}% 85
\BOOKMARK [2][-]{subsection.17.5}{\376\377\133\236\232\214\213\276\177\156\116\016\123\302\145\160}{section.17}% 86
\BOOKMARK [2][-]{subsection.17.6}{\376\377\133\236\232\214\176\323\147\234}{section.17}% 87
\BOOKMARK [1][-]{section.18}{\376\377\133\236\232\214\000\040\0001\0002\377\032\200\124\177\121\131\032\134\021\000\040\000v\000s\000\040\122\006\145\160\131\032\134\021}{}% 88
\BOOKMARK [2][-]{subsection.18.1}{\376\377\133\236\232\214\213\364\146\016}{section.18}% 89
\BOOKMARK [2][-]{subsection.18.2}{\376\377\133\236\232\214\213\241\173\227\121\154\137\017}{section.18}% 90
\BOOKMARK [2][-]{subsection.18.3}{\376\377\173\227\154\325\117\052\116\343\170\001}{section.18}% 91
\BOOKMARK [2][-]{subsection.18.4}{\376\377\176\323\147\234\213\304\117\060\143\007\150\007\121\154\137\017}{section.18}% 92
\BOOKMARK [2][-]{subsection.18.5}{\376\377\133\236\232\214\213\276\177\156\116\016\123\302\145\160}{section.18}% 93
\BOOKMARK [2][-]{subsection.18.6}{\376\377\133\236\232\214\176\323\147\234}{section.18}% 94
\BOOKMARK [1][-]{section.19}{\376\377\133\236\232\214\000\040\0001\0003\377\032\000F\0003\000/\000F\0005\000\040\123\125\147\141\145\345\137\327\213\312\145\255}{}% 95
\BOOKMARK [2][-]{subsection.19.1}{\376\377\133\236\232\214\213\364\146\016}{section.19}% 96
\BOOKMARK [2][-]{subsection.19.2}{\376\377\133\236\232\214\213\241\173\227\121\154\137\017}{section.19}% 97
\BOOKMARK [2][-]{subsection.19.3}{\376\377\173\227\154\325\117\052\116\343\170\001}{section.19}% 98
\BOOKMARK [2][-]{subsection.19.4}{\376\377\176\323\147\234\213\304\117\060\143\007\150\007\121\154\137\017}{section.19}% 99
\BOOKMARK [2][-]{subsection.19.5}{\376\377\133\236\232\214\213\276\177\156\116\016\123\302\145\160}{section.19}% 100
\BOOKMARK [2][-]{subsection.19.6}{\376\377\133\236\232\214\176\323\147\234}{section.19}% 101
\BOOKMARK [1][-]{section.20}{\376\377\133\236\232\214\000\040\0001\0004\377\032\124\214\000\040\000M\000A\000S\000O\000I\000E\000\040\153\324\377\010\123\302\200\003\377\011}{}% 102
\BOOKMARK [2][-]{subsection.20.1}{\376\377\133\236\232\214\213\364\146\016}{section.20}% 103
\BOOKMARK [2][-]{subsection.20.2}{\376\377\133\236\232\214\213\241\173\227\121\154\137\017}{section.20}% 104
\BOOKMARK [2][-]{subsection.20.3}{\376\377\173\227\154\325\117\052\116\343\170\001}{section.20}% 105
\BOOKMARK [2][-]{subsection.20.4}{\376\377\176\323\147\234\213\304\117\060\143\007\150\007\121\154\137\017}{section.20}% 106
\BOOKMARK [2][-]{subsection.20.5}{\376\377\133\236\232\214\213\276\177\156\116\016\123\302\145\160}{section.20}% 107
\BOOKMARK [2][-]{subsection.20.6}{\376\377\133\236\232\214\176\323\147\234}{section.20}% 108
\BOOKMARK [1][-]{section.21}{\376\377\133\236\232\214\000\040\0001\0005\377\032\143\142\116\011\171\315\214\003\140\351\177\132\145\271\137\017}{}% 109
\BOOKMARK [2][-]{subsection.21.1}{\376\377\133\236\232\214\213\364\146\016}{section.21}% 110
\BOOKMARK [2][-]{subsection.21.2}{\376\377\133\236\232\214\213\241\173\227\121\154\137\017}{section.21}% 111
\BOOKMARK [2][-]{subsection.21.3}{\376\377\173\227\154\325\117\052\116\343\170\001}{section.21}% 112
\BOOKMARK [2][-]{subsection.21.4}{\376\377\176\323\147\234\213\304\117\060\143\007\150\007\121\154\137\017}{section.21}% 113
\BOOKMARK [2][-]{subsection.21.5}{\376\377\133\236\232\214\213\276\177\156\116\016\123\302\145\160}{section.21}% 114
\BOOKMARK [2][-]{subsection.21.6}{\376\377\133\236\232\214\176\323\147\234}{section.21}% 115
\BOOKMARK [1][-]{section.22}{\376\377\133\236\232\214\000\040\0001\0006\377\032\225\350\143\247\142\306\121\340\134\102\124\352\134\102\121\163\225\056}{}% 116
\BOOKMARK [2][-]{subsection.22.1}{\376\377\133\236\232\214\213\364\146\016}{section.22}% 117
\BOOKMARK [2][-]{subsection.22.2}{\376\377\133\236\232\214\213\241\173\227\121\154\137\017}{section.22}% 118
\BOOKMARK [2][-]{subsection.22.3}{\376\377\173\227\154\325\117\052\116\343\170\001}{section.22}% 119
\BOOKMARK [2][-]{subsection.22.4}{\376\377\176\323\147\234\213\304\117\060\143\007\150\007\121\154\137\017}{section.22}% 120
\BOOKMARK [2][-]{subsection.22.5}{\376\377\133\236\232\214\213\276\177\156\116\016\123\302\145\160}{section.22}% 121
\BOOKMARK [2][-]{subsection.22.6}{\376\377\133\236\232\214\176\323\147\234}{section.22}% 122
\BOOKMARK [1][-]{section.23}{\376\377\133\236\232\214\000\040\0001\0007\377\032\145\351\116\055\146\132\142\275\150\067\060\001\146\364\145\260\153\145\225\177}{}% 123
\BOOKMARK [2][-]{subsection.23.1}{\376\377\133\236\232\214\213\364\146\016}{section.23}% 124
\BOOKMARK [2][-]{subsection.23.2}{\376\377\133\236\232\214\213\241\173\227\121\154\137\017}{section.23}% 125
\BOOKMARK [2][-]{subsection.23.3}{\376\377\173\227\154\325\117\052\116\343\170\001}{section.23}% 126
\BOOKMARK [2][-]{subsection.23.4}{\376\377\176\323\147\234\213\304\117\060\143\007\150\007\121\154\137\017}{section.23}% 127
\BOOKMARK [2][-]{subsection.23.5}{\376\377\133\236\232\214\213\276\177\156\116\016\123\302\145\160}{section.23}% 128
\BOOKMARK [2][-]{subsection.23.6}{\376\377\133\236\232\214\176\323\147\234}{section.23}% 129
\BOOKMARK [1][-]{section.24}{\376\377\133\236\232\214\000\040\0001\0008\377\032\143\142\121\155\171\315\137\072\123\026\133\146\116\140\177\121\176\334}{}% 130
\BOOKMARK [2][-]{subsection.24.1}{\376\377\133\236\232\214\213\364\146\016}{section.24}% 131
\BOOKMARK [2][-]{subsection.24.2}{\376\377\133\236\232\214\213\241\173\227\121\154\137\017}{section.24}% 132
\BOOKMARK [2][-]{subsection.24.3}{\376\377\173\227\154\325\117\052\116\343\170\001}{section.24}% 133
\BOOKMARK [2][-]{subsection.24.4}{\376\377\176\323\147\234\213\304\117\060\143\007\150\007\121\154\137\017}{section.24}% 134
\BOOKMARK [2][-]{subsection.24.5}{\376\377\133\236\232\214\213\276\177\156\116\016\123\302\145\160}{section.24}% 135
\BOOKMARK [2][-]{subsection.24.6}{\376\377\133\236\232\214\176\323\147\234}{section.24}% 136
\BOOKMARK [1][-]{section.25}{\376\377\133\236\232\214\000\040\0001\0009\377\032\137\072\123\026\133\146\116\140\217\307\172\013\146\362\176\277}{}% 137
\BOOKMARK [2][-]{subsection.25.1}{\376\377\133\236\232\214\213\364\146\016}{section.25}% 138
\BOOKMARK [2][-]{subsection.25.2}{\376\377\133\236\232\214\213\241\173\227\121\154\137\017}{section.25}% 139
\BOOKMARK [2][-]{subsection.25.3}{\376\377\173\227\154\325\117\052\116\343\170\001}{section.25}% 140
\BOOKMARK [2][-]{subsection.25.4}{\376\377\176\323\147\234\213\304\117\060\143\007\150\007\121\154\137\017}{section.25}% 141
\BOOKMARK [2][-]{subsection.25.5}{\376\377\133\236\232\214\213\276\177\156\116\016\123\302\145\160}{section.25}% 142
\BOOKMARK [2][-]{subsection.25.6}{\376\377\133\236\232\214\176\323\147\234}{section.25}% 143
\BOOKMARK [1][-]{section.26}{\376\377\133\236\232\214\000\040\0002\0000\377\032\121\262\172\201\124\214\140\351\177\132\166\204\121\163\174\373}{}% 144
\BOOKMARK [2][-]{subsection.26.1}{\376\377\133\236\232\214\213\364\146\016}{section.26}% 145
\BOOKMARK [2][-]{subsection.26.2}{\376\377\133\236\232\214\213\241\173\227\121\154\137\017}{section.26}% 146
\BOOKMARK [2][-]{subsection.26.3}{\376\377\173\227\154\325\117\052\116\343\170\001}{section.26}% 147
\BOOKMARK [2][-]{subsection.26.4}{\376\377\176\323\147\234\213\304\117\060\143\007\150\007\121\154\137\017}{section.26}% 148
\BOOKMARK [2][-]{subsection.26.5}{\376\377\133\236\232\214\213\276\177\156\116\016\123\302\145\160}{section.26}% 149
\BOOKMARK [2][-]{subsection.26.6}{\376\377\133\236\232\214\176\323\147\234}{section.26}% 150
\BOOKMARK [1][-]{section.27}{\376\377\133\236\232\214\000\040\0002\0001\377\032\116\015\200\124\177\121\145\366\123\302\200\003\120\074\157\002\116\015\157\002}{}% 151
\BOOKMARK [2][-]{subsection.27.1}{\376\377\133\236\232\214\213\364\146\016}{section.27}% 152
\BOOKMARK [2][-]{subsection.27.2}{\376\377\133\236\232\214\213\241\173\227\121\154\137\017}{section.27}% 153
\BOOKMARK [2][-]{subsection.27.3}{\376\377\173\227\154\325\117\052\116\343\170\001}{section.27}% 154
\BOOKMARK [2][-]{subsection.27.4}{\376\377\176\323\147\234\213\304\117\060\143\007\150\007\121\154\137\017}{section.27}% 155
\BOOKMARK [2][-]{subsection.27.5}{\376\377\133\236\232\214\213\276\177\156\116\016\123\302\145\160}{section.27}% 156
\BOOKMARK [2][-]{subsection.27.6}{\376\377\133\236\232\214\176\323\147\234}{section.27}% 157
\BOOKMARK [1][-]{section.28}{\376\377\133\236\232\214\000\040\0002\0002\377\032\0001\0003\000\040\123\360\147\072\176\304\123\321\165\065}{}% 158
\BOOKMARK [2][-]{subsection.28.1}{\376\377\133\236\232\214\213\364\146\016}{section.28}% 159
\BOOKMARK [2][-]{subsection.28.2}{\376\377\133\236\232\214\213\241\173\227\121\154\137\017}{section.28}% 160
\BOOKMARK [2][-]{subsection.28.3}{\376\377\173\227\154\325\117\052\116\343\170\001}{section.28}% 161
\BOOKMARK [2][-]{subsection.28.4}{\376\377\176\323\147\234\213\304\117\060\143\007\150\007\121\154\137\017}{section.28}% 162
\BOOKMARK [2][-]{subsection.28.5}{\376\377\133\236\232\214\213\276\177\156\116\016\123\302\145\160}{section.28}% 163
\BOOKMARK [2][-]{subsection.28.6}{\376\377\133\236\232\214\176\323\147\234}{section.28}% 164
\BOOKMARK [1][-]{section.29}{\376\377\133\236\232\214\000\040\0002\0003\377\032\215\104\156\220\214\003\136\246}{}% 165
\BOOKMARK [2][-]{subsection.29.1}{\376\377\133\236\232\214\213\364\146\016}{section.29}% 166
\BOOKMARK [2][-]{subsection.29.2}{\376\377\133\236\232\214\213\241\173\227\121\154\137\017}{section.29}% 167
\BOOKMARK [2][-]{subsection.29.3}{\376\377\173\227\154\325\117\052\116\343\170\001}{section.29}% 168
\BOOKMARK [2][-]{subsection.29.4}{\376\377\176\323\147\234\213\304\117\060\143\007\150\007\121\154\137\017}{section.29}% 169
\BOOKMARK [2][-]{subsection.29.5}{\376\377\133\236\232\214\213\276\177\156\116\016\123\302\145\160}{section.29}% 170
\BOOKMARK [2][-]{subsection.29.6}{\376\377\133\236\232\214\176\323\147\234}{section.29}% 171
\BOOKMARK [1][-]{section.30}{\376\377\133\236\232\214\000\040\0002\0004\377\032\165\065\122\250\217\146\121\105\145\076\165\065}{}% 172
\BOOKMARK [2][-]{subsection.30.1}{\376\377\133\236\232\214\213\364\146\016}{section.30}% 173
\BOOKMARK [2][-]{subsection.30.2}{\376\377\133\236\232\214\213\241\173\227\121\154\137\017}{section.30}% 174
\BOOKMARK [2][-]{subsection.30.3}{\376\377\173\227\154\325\117\052\116\343\170\001}{section.30}% 175
\BOOKMARK [2][-]{subsection.30.4}{\376\377\176\323\147\234\213\304\117\060\143\007\150\007\121\154\137\017}{section.30}% 176
\BOOKMARK [2][-]{subsection.30.5}{\376\377\133\236\232\214\213\276\177\156\116\016\123\302\145\160}{section.30}% 177
\BOOKMARK [2][-]{subsection.30.6}{\376\377\133\236\232\214\176\323\147\234}{section.30}% 178
\BOOKMARK [1][-]{section.31}{\376\377\133\236\232\214\000\040\0002\0005\377\032\000I\000E\000E\000E\000\040\0003\0000\000/\0005\0007\000/\0001\0001\0008\000\040\165\065\177\121}{}% 179
\BOOKMARK [2][-]{subsection.31.1}{\376\377\133\236\232\214\213\364\146\016}{section.31}% 180
\BOOKMARK [2][-]{subsection.31.2}{\376\377\133\236\232\214\213\241\173\227\121\154\137\017}{section.31}% 181
\BOOKMARK [2][-]{subsection.31.3}{\376\377\173\227\154\325\117\052\116\343\170\001}{section.31}% 182
\BOOKMARK [2][-]{subsection.31.4}{\376\377\176\323\147\234\213\304\117\060\143\007\150\007\121\154\137\017}{section.31}% 183
\BOOKMARK [2][-]{subsection.31.5}{\376\377\133\236\232\214\213\276\177\156\116\016\123\302\145\160}{section.31}% 184
\BOOKMARK [2][-]{subsection.31.6}{\376\377\133\236\232\214\176\323\147\234}{section.31}% 185
\BOOKMARK [1][-]{section.32}{\376\377\133\236\232\214\000\040\0002\0006\377\032\123\302\116\016\200\005\123\330\131\032\213\325\143\242}{}% 186
\BOOKMARK [2][-]{subsection.32.1}{\376\377\133\236\232\214\213\364\146\016}{section.32}% 187
\BOOKMARK [2][-]{subsection.32.2}{\376\377\133\236\232\214\213\241\173\227\121\154\137\017}{section.32}% 188
\BOOKMARK [2][-]{subsection.32.3}{\376\377\173\227\154\325\117\052\116\343\170\001}{section.32}% 189
\BOOKMARK [2][-]{subsection.32.4}{\376\377\176\323\147\234\213\304\117\060\143\007\150\007\121\154\137\017}{section.32}% 190
\BOOKMARK [2][-]{subsection.32.5}{\376\377\133\236\232\214\213\276\177\156\116\016\123\302\145\160}{section.32}% 191
\BOOKMARK [2][-]{subsection.32.6}{\376\377\133\236\232\214\176\323\147\234}{section.32}% 192
\BOOKMARK [1][-]{section*.9}{\376\377\226\104\137\125\377\032\136\224\165\050\000\040\153\317\153\041\133\236\232\214\122\006\136\003}{}% 193
